// Jest Snapshot v1, https://goo.gl/fbAQLP

exports[`<Item /> renders and match snapshot 1`] = `
<ItemStyles__Item>
  <img
    alt="New Item"
    src="item.jpg"
  />
  <Title>
    <Link
      href={
        Object {
          "pathname": "/item",
          "query": Object {
            "id": "123",
          },
        }
      }
    >
      <a>
        New Item
      </a>
    </Link>
  </Title>
  <PriceTag>
    $50
  </PriceTag>
  <p>
    This is a fake item
  </p>
  <div
    className="buttonList"
  >
    <Link
      href={
        Object {
          "pathname": "update",
          "query": Object {
            "id": "123",
          },
        }
      }
    >
      <a>
        Edit
      </a>
    </Link>
    <AddToCart
      id="123"
    />
    <DeleteItem
      id="123"
    >
      Delete Item
    </DeleteItem>
  </div>
</ItemStyles__Item>
`;
