// Jest Snapshot v1, https://goo.gl/fbAQLP

exports[`<Item /> renders an error when there is no item 1`] = `
<p
  data-test="graphql-error"
>
  <strong>
    Shoot!
  </strong>
  No item found
</p>
`;

exports[`<Item /> renders and match snapshot 1`] = `
.c0 {
  max-width: 1200px;
  margin: 2rem auto;
  display: grid;
  grid-auto-columns: 1fr;
  grid-auto-flow: column;
  min-height: 800px;
}

.c0 img {
  width: 100%;
  height: 100%;
  object-fit: contain;
}

.c0 .details {
  margin: 3rem;
  font-size: 2rem;
}

<SingleItem
  id="id123"
>
  <Query
    query={
      Object {
        "definitions": Array [
          Object {
            "directives": Array [],
            "kind": "OperationDefinition",
            "name": Object {
              "kind": "Name",
              "value": "SINGLE_ITEM_QUERY",
            },
            "operation": "query",
            "selectionSet": Object {
              "kind": "SelectionSet",
              "selections": Array [
                Object {
                  "alias": undefined,
                  "arguments": Array [
                    Object {
                      "kind": "Argument",
                      "name": Object {
                        "kind": "Name",
                        "value": "where",
                      },
                      "value": Object {
                        "fields": Array [
                          Object {
                            "kind": "ObjectField",
                            "name": Object {
                              "kind": "Name",
                              "value": "id",
                            },
                            "value": Object {
                              "kind": "Variable",
                              "name": Object {
                                "kind": "Name",
                                "value": "id",
                              },
                            },
                          },
                        ],
                        "kind": "ObjectValue",
                      },
                    },
                  ],
                  "directives": Array [],
                  "kind": "Field",
                  "name": Object {
                    "kind": "Name",
                    "value": "item",
                  },
                  "selectionSet": Object {
                    "kind": "SelectionSet",
                    "selections": Array [
                      Object {
                        "alias": undefined,
                        "arguments": Array [],
                        "directives": Array [],
                        "kind": "Field",
                        "name": Object {
                          "kind": "Name",
                          "value": "id",
                        },
                        "selectionSet": undefined,
                      },
                      Object {
                        "alias": undefined,
                        "arguments": Array [],
                        "directives": Array [],
                        "kind": "Field",
                        "name": Object {
                          "kind": "Name",
                          "value": "title",
                        },
                        "selectionSet": undefined,
                      },
                      Object {
                        "alias": undefined,
                        "arguments": Array [],
                        "directives": Array [],
                        "kind": "Field",
                        "name": Object {
                          "kind": "Name",
                          "value": "description",
                        },
                        "selectionSet": undefined,
                      },
                      Object {
                        "alias": undefined,
                        "arguments": Array [],
                        "directives": Array [],
                        "kind": "Field",
                        "name": Object {
                          "kind": "Name",
                          "value": "largerImage",
                        },
                        "selectionSet": undefined,
                      },
                    ],
                  },
                },
              ],
            },
            "variableDefinitions": Array [
              Object {
                "defaultValue": undefined,
                "kind": "VariableDefinition",
                "type": Object {
                  "kind": "NonNullType",
                  "type": Object {
                    "kind": "NamedType",
                    "name": Object {
                      "kind": "Name",
                      "value": "ID",
                    },
                  },
                },
                "variable": Object {
                  "kind": "Variable",
                  "name": Object {
                    "kind": "Name",
                    "value": "id",
                  },
                },
              },
            ],
          },
        ],
        "kind": "Document",
        "loc": Object {
          "end": 137,
          "start": 0,
        },
      }
    }
    variables={
      Object {
        "id": "id123",
      }
    }
  >
    <div>
      <SingleItem__SingleItemStyles>
        <div
          className="c0"
        >
          <SideEffect(Head)>
            <Head />
          </SideEffect(Head)>
          <img
            alt="Fake Item"
            src="item.jpg"
          />
          <div
            className="details"
          >
            <h2>
              Viewing 
              Fake Item
            </h2>
            <p>
              This is a fake item
            </p>
          </div>
        </div>
      </SingleItem__SingleItemStyles>
    </div>
  </Query>
</SingleItem>
`;
